scripts/collect_environment.py: OK
scripts/phase0_smoke_inference.py: OK
scripts/verify_phase0.py: OK
configs/phase0.json: OK
configs/experiment-manifest.template.json: OK
configs/external-data-manifest.template.json: OK
configs/requirements-phase0.lock: OK
tests/test_phase0_environment.py: OK
tests/test_phase0_smoke_inference.py: OK
docs/strategy/phase0-rules-checklist.md: OK
docs/strategy/roadmap.md: OK
report/phase0/phase0-report.md: OK
artifacts/experiments/p0_20260803T102000Z_env-smoke_aa8e7253_s42/environment.final.json: OK
artifacts/experiments/p0_20260803T102000Z_env-smoke_aa8e7253_s42/environment.json: OK
artifacts/experiments/p0_20260803T102000Z_env-smoke_aa8e7253_s42/environment.preinstall.json: OK
artifacts/experiments/p0_20260803T102000Z_env-smoke_aa8e7253_s42/focused-tests.final.log: OK
artifacts/experiments/p0_20260803T102000Z_env-smoke_aa8e7253_s42/focused-tests.log: OK
artifacts/experiments/p0_20260803T102000Z_env-smoke_aa8e7253_s42/forbidden-inference-scan.log: OK
artifacts/experiments/p0_20260803T102000Z_env-smoke_aa8e7253_s42/git-diff-check.log: OK
artifacts/experiments/p0_20260803T102000Z_env-smoke_aa8e7253_s42/git-status.final.txt: OK
artifacts/experiments/p0_20260803T102000Z_env-smoke_aa8e7253_s42/manifest.json: OK
artifacts/experiments/p0_20260803T102000Z_env-smoke_aa8e7253_s42/model-download.log: OK
artifacts/experiments/p0_20260803T102000Z_env-smoke_aa8e7253_s42/model-revision.json: OK
artifacts/experiments/p0_20260803T102000Z_env-smoke_aa8e7253_s42/package-check.log: OK
artifacts/experiments/p0_20260803T102000Z_env-smoke_aa8e7253_s42/package-install-failed.log: OK
artifacts/experiments/p0_20260803T102000Z_env-smoke_aa8e7253_s42/package-install.log: OK
artifacts/experiments/p0_20260803T102000Z_env-smoke_aa8e7253_s42/python-freeze.txt: OK
artifacts/experiments/p0_20260803T102000Z_env-smoke_aa8e7253_s42/smoke-run-1.json: OK
artifacts/experiments/p0_20260803T102000Z_env-smoke_aa8e7253_s42/smoke-run-1.log: OK
artifacts/experiments/p0_20260803T102000Z_env-smoke_aa8e7253_s42/smoke-run-2.json: OK
artifacts/experiments/p0_20260803T102000Z_env-smoke_aa8e7253_s42/smoke-run-2.log: OK
artifacts/experiments/p0_20260803T102000Z_env-smoke_aa8e7253_s42/smoke-run-format-failure.json: OK
artifacts/experiments/p0_20260803T102000Z_env-smoke_aa8e7253_s42/smoke-run-format-failure.log: OK
artifacts/experiments/p0_20260803T102000Z_env-smoke_aa8e7253_s42/smoke-run-offline.json: OK
artifacts/experiments/p0_20260803T102000Z_env-smoke_aa8e7253_s42/smoke-run-offline.log: OK
artifacts/experiments/p0_20260803T102000Z_env-smoke_aa8e7253_s42/source-data-sha256.after.txt: OK
artifacts/experiments/p0_20260803T102000Z_env-smoke_aa8e7253_s42/source-data-sha256.before.json: OK
artifacts/experiments/p0_20260803T102000Z_env-smoke_aa8e7253_s42/unit-tests.log: OK
artifacts/experiments/p0_20260803T102000Z_env-smoke_aa8e7253_s42/verification.final.json: OK
artifacts/experiments/p0_20260803T102000Z_env-smoke_aa8e7253_s42/verification.final.log: OK
artifacts/experiments/p0_20260803T102000Z_env-smoke_aa8e7253_s42/verification.json: OK
artifacts/experiments/p0_20260803T102000Z_env-smoke_aa8e7253_s42/verification.log: OK
artifacts/experiments/p0_20260803T102000Z_env-smoke_aa8e7253_s42/working-tree.patch: OK
