Using Python 3.12.13 environment at: /venv/main
Resolved 77 packages in 489ms
Downloading tokenizers (3.1MiB)
Downloading aiohttp (1.7MiB)
Downloading transformers (11.1MiB)
Downloading pandas (10.5MiB)
Downloading pyarrow (47.8MiB)
Downloading bitsandbytes (39.0MiB)
 Downloaded tokenizers
 Downloaded aiohttp
 Downloaded bitsandbytes
 Downloaded pandas
 Downloaded pyarrow
 Downloaded transformers
Prepared 25 packages in 1.24s
Installed 25 packages in 818ms
 + accelerate==1.14.0
 + aiohappyeyeballs==2.7.1
 + aiohttp==3.14.3
 + aiosignal==1.4.0
 + attrs==26.1.0
 + bitsandbytes==0.50.0
 + charset-normalizer==3.4.9
 + datasets==5.0.1
 + dill==0.4.1
 + frozenlist==1.8.0
 + multidict==6.7.1
 + multiprocess==0.70.19
 + pandas==3.0.5
 + peft==0.20.0
 + propcache==0.5.2
 + pyarrow==25.0.0
 + regex==2026.7.19
 + requests==2.34.2
 + safetensors==0.8.0
 + tokenizers==0.22.2
 + transformers==5.14.1
 + trl==1.9.2
 + urllib3==2.7.0
 + xxhash==3.8.1
 + yarl==1.24.5
