{
  "checks": {
    "all_fixed_sha256_match": true,
    "all_fixed_row_counts_match": true,
    "canonical_schema_exact": true,
    "canonical_ids_unique": true,
    "canonical_required_fields_complete": true,
    "exclusion_lists_disjoint": true,
    "all_exclusion_ids_exist_in_source": true,
    "organizer_rows_match_source_answers": true,
    "supplemental_rows_match_source_answers": true,
    "canonical_contains_no_excluded_ids": true,
    "canonical_exactly_source_minus_exclusion_union": true,
    "canonical_preserves_source_order_and_content": true,
    "no_unexpected_additional_removals": true,
    "audit_preserves_source_order_and_content": true,
    "audit_decisions_match_exclusion_union": true,
    "audit_removed_ids_equal_exclusion_union": true,
    "manifest_hash_links_match_assets": true,
    "manifest_quality_checks_passed": true,
    "all_inputs_unchanged_during_verification": true
  },
  "passed": true
}
